
> asphyxia-core@0.0.1 build
> tsc

node.exe : "tsc" no se 
reconoce como un 
comando interno o 
externo,
En C:\Program 
Files\nodejs\npm.ps1: 
29 Carácter: 3
+   & $NODE_EXE 
$NPM_CLI_JS $args
+   ~~~~~~~~~~~~~~~~~~~
~~~~~~~~~~
    + CategoryInfo     
         : NotSpecifi  
  ed: ("tsc" no se r   
 ec...erno o extern    
o,:String) [], Rem    
oteException
    + FullyQualifiedEr 
   rorId : NativeComm  
  andError
 
programa o archivo por 
lotes ejecutable.
